

Sun Jun 24 19:26:05 2018
Command line: TestDisk

TestDisk 7.0, Data Recovery Utility, April 2015
Christophe GRENIER <grenier@cgsecurity.org>
http://www.cgsecurity.org
OS: Linux, kernel 4.4.0-128-generic (#154-Ubuntu SMP Fri May 25 14:15:18 UTC 2018) x86_64
Compiler: GCC 5.3
ext2fs lib: 1.42.13, ntfs lib: libntfs-3g, reiserfs lib: none, ewf lib: none, curses lib: ncurses 6.0
/dev/sda: LBA, HPA, LBA48, DCO support
/dev/sda: size       1953525168 sectors
/dev/sda: user_max   1953525168 sectors
/dev/sda: native_max 1953525168 sectors
Warning: can't get size for Disk /dev/mapper/control - 0 B - 0 sectors, sector size=512
Hard disk list
Disk /dev/sda - 1000 GB / 931 GiB - CHS 121601 255 63, sector size=512 - ST1000LM024 HN-M101MBB, S/N:S32XJ9AFA02591, FW:2BA30001

Partition table type (auto): EFI GPT
Disk /dev/sda - 1000 GB / 931 GiB - ST1000LM024 HN-M101MBB
Partition table type: EFI GPT

Interface Advanced
hdr_size=92
hdr_lba_self=1
hdr_lba_alt=1953525167 (expected 1953525167)
hdr_lba_start=34
hdr_lba_end=1953525134
hdr_lba_table=2
hdr_entries=128
hdr_entsz=128
check_part_gpt failed for partition
 3 P MS Reserved              2050048    2312191     262144 [Microsoft reserved partition]
 1 P EFI System                  2048     206847     204800 [EFI system partition]
 2 P Unknown                   206848    2050047    1843200 [Basic data partition]
 3 P MS Reserved              2050048    2312191     262144 [Microsoft reserved partition]
 4 P MS Data                  2312192  701798399  699486208 [Basic data partition]
     NTFS, blocksize=4096, 358 GB / 333 GiB
 7 P Unknown                701798400 1903171583 1201373184
 5 P Linux Swap            1903171584 1911560191    8388608
 6 P Unknown               1911560192 1953523711   41963520 [Basic data partition]
Image created successfully.

TestDisk exited normally.
